item top=2
item height = 2
item screenTop=2
item screenBottom = 47item top=4
item height = 2
item screenTop=4
item screenBottom = 45item top=6
item height = 2
item screenTop=6
item screenBottom = 43item top=8
item height = 2
item screenTop=8
item screenBottom = 41item top=10
item height = 2
item screenTop=10
item screenBottom = 39item top=12
item height = 2
item screenTop=12
item screenBottom = 37item top=14
item height = 2
item screenTop=14
item screenBottom = 35item top=16
item height = 2
item screenTop=16
item screenBottom = 33item top=18
item height = 2
item screenTop=18
item screenBottom = 31item top=20
item height = 2
item screenTop=20
item screenBottom = 29item top=22
item height = 2
item screenTop=22
item screenBottom = 27item top=24
item height = 2
item screenTop=24
item screenBottom = 25item top=26
item height = 2
item screenTop=26
item screenBottom = 23item top=28
item height = 2
item screenTop=28
item screenBottom = 21item top=30
item height = 2
item screenTop=30
item screenBottom = 19item top=32
item height = 2
item screenTop=32
item screenBottom = 17item top=34
item height = 2
item screenTop=34
item screenBottom = 15item top=36
item height = 2
item screenTop=36
item screenBottom = 13item top=38
item height = 2
item screenTop=38
item screenBottom = 11item top=40
item height = 2
item screenTop=40
item screenBottom = 9item top=42
item height = 2
item screenTop=42
item screenBottom = 7item top=44
item height = 2
item screenTop=44
item screenBottom = 5item top=46
item height = 2
item screenTop=46
item screenBottom = 3item top=48
item height = 2
item screenTop=48
item screenBottom = 1item top=50
item height = 2
item screenTop=50
item screenBottom = -1item top=52
item height = 2
item screenTop=52
item screenBottom = -3item top=54
item height = 2
item screenTop=54
item screenBottom = -5item top=56
item height = 2
item screenTop=56
item screenBottom = -7item top=58
item height = 2
item screenTop=58
item screenBottom = -9item top=60
item height = 2
item screenTop=60
item screenBottom = -11item top=62
item height = 2
item screenTop=62
item screenBottom = -13item top=64
item height = 2
item screenTop=64
item screenBottom = -15item top=66
item height = 2
item screenTop=66
item screenBottom = -17item top=68
item height = 2
item screenTop=68
item screenBottom = -19item top=70
item height = 2
item screenTop=70
item screenBottom = -21item top=72
item height = 2
item screenTop=72
item screenBottom = -23item top=74
item height = 2
item screenTop=74
item screenBottom = -25item top=76
item height = 2
item screenTop=76
item screenBottom = -27item top=78
item height = 2
item screenTop=78
item screenBottom = -29item top=80
item height = 2
item screenTop=80
item screenBottom = -31item top=82
item height = 2
item screenTop=82
item screenBottom = -33item top=84
item height = 2
item screenTop=84
item screenBottom = -35item top=86
item height = 2
item screenTop=86
item screenBottom = -37item top=88
item height = 2
item screenTop=88
item screenBottom = -39item top=90
item height = 2
item screenTop=90
item screenBottom = -41item top=92
item height = 2
item screenTop=92
item screenBottom = -43item top=94
item height = 2
item screenTop=94
item screenBottom = -45item top=96
item height = 2
item screenTop=96
item screenBottom = -47item top=98
item height = 2
item screenTop=98
item screenBottom = -49item top=100
item height = 2
item screenTop=100
item screenBottom = -51item top=102
item height = 2
item screenTop=102
item screenBottom = -53item top=104
item height = 2
item screenTop=104
item screenBottom = -55item top=106
item height = 2
item screenTop=106
item screenBottom = -57item top=108
item height = 2
item screenTop=108
item screenBottom = -59item top=110
item height = 2
item screenTop=110
item screenBottom = -61item top=112
item height = 2
item screenTop=112
item screenBottom = -63item top=114
item height = 2
item screenTop=114
item screenBottom = -65item top=116
item height = 2
item screenTop=116
item screenBottom = -67item top=118
item height = 2
item screenTop=118
item screenBottom = -69item top=120
item height = 2
item screenTop=120
item screenBottom = -71item top=122
item height = 2
item screenTop=122
item screenBottom = -73item top=124
item height = 2
item screenTop=124
item screenBottom = -75item top=126
item height = 2
item screenTop=126
item screenBottom = -77item top=128
item height = 2
item screenTop=128
item screenBottom = -79item top=130
item height = 2
item screenTop=130
item screenBottom = -81item top=132
item height = 2
item screenTop=132
item screenBottom = -83item top=134
item height = 2
item screenTop=134
item screenBottom = -85item top=136
item height = 2
item screenTop=136
item screenBottom = -87item top=138
item height = 2
item screenTop=138
item screenBottom = -89item top=140
item height = 2
item screenTop=140
item screenBottom = -91item top=142
item height = 2
item screenTop=142
item screenBottom = -93item top=144
item height = 2
item screenTop=144
item screenBottom = -95item top=146
item height = 2
item screenTop=146
item screenBottom = -97item top=148
item height = 2
item screenTop=148
item screenBottom = -99item top=150
item height = 2
item screenTop=150
item screenBottom = -101item top=152
item height = 2
item screenTop=152
item screenBottom = -103item top=154
item height = 2
item screenTop=154
item screenBottom = -105item top=156
item height = 2
item screenTop=156
item screenBottom = -107item top=158
item height = 2
item screenTop=158
item screenBottom = -109item top=160
item height = 2
item screenTop=160
item screenBottom = -111item top=162
item height = 2
item screenTop=162
item screenBottom = -113item top=164
item height = 2
item screenTop=164
item screenBottom = -115item top=166
item height = 2
item screenTop=166
item screenBottom = -117item top=168
item height = 2
item screenTop=168
item screenBottom = -119item top=170
item height = 2
item screenTop=170
item screenBottom = -121item top=172
item height = 2
item screenTop=172
item screenBottom = -123item top=174
item height = 2
item screenTop=174
item screenBottom = -125item top=176
item height = 2
item screenTop=176
item screenBottom = -127item top=178
item height = 2
item screenTop=178
item screenBottom = -129item top=180
item height = 2
item screenTop=180
item screenBottom = -131item top=182
item height = 2
item screenTop=182
item screenBottom = -133item top=184
item height = 2
item screenTop=184
item screenBottom = -135item top=186
item height = 2
item screenTop=186
item screenBottom = -137item top=188
item height = 2
item screenTop=188
item screenBottom = -139item top=190
item height = 2
item screenTop=190
item screenBottom = -141item top=192
item height = 2
item screenTop=192
item screenBottom = -143item top=194
item height = 2
item screenTop=194
item screenBottom = -145item top=196
item height = 2
item screenTop=196
item screenBottom = -147item top=198
item height = 2
item screenTop=198
item screenBottom = -149item top=200
item height = 2
item screenTop=200
item screenBottom = -151item top=202
item height = 2
item screenTop=202
item screenBottom = -153item top=204
item height = 2
item screenTop=204
item screenBottom = -155item top=206
item height = 2
item screenTop=206
item screenBottom = -157item top=208
item height = 2
item screenTop=208
item screenBottom = -159item top=210
item height = 2
item screenTop=210
item screenBottom = -161item top=212
item height = 2
item screenTop=212
item screenBottom = -163item top=214
item height = 2
item screenTop=214
item screenBottom = -165item top=216
item height = 2
item screenTop=216
item screenBottom = -167item top=218
item height = 2
item screenTop=218
item screenBottom = -169item top=220
item height = 2
item screenTop=220
item screenBottom = -171item top=222
item height = 2
item screenTop=222
item screenBottom = -173item top=224
item height = 2
item screenTop=224
item screenBottom = -175item top=226
item height = 2
item screenTop=226
item screenBottom = -177item top=228
item height = 2
item screenTop=228
item screenBottom = -179item top=230
item height = 2
item screenTop=230
item screenBottom = -181item top=232
item height = 2
item screenTop=232
item screenBottom = -183item top=234
item height = 2
item screenTop=234
item screenBottom = -185item top=236
item height = 2
item screenTop=236
item screenBottom = -187item top=238
item height = 2
item screenTop=238
item screenBottom = -189item top=240
item height = 2
item screenTop=240
item screenBottom = -191item top=242
item height = 2
item screenTop=242
item screenBottom = -193item top=244
item height = 2
item screenTop=244
item screenBottom = -195item top=246
item height = 2
item screenTop=246
item screenBottom = -197item top=248
item height = 2
item screenTop=248
item screenBottom = -199item top=250
item height = 2
item screenTop=250
item screenBottom = -201item top=252
item height = 2
item screenTop=252
item screenBottom = -203item top=254
item height = 2
item screenTop=254
item screenBottom = -205item top=256
item height = 2
item screenTop=256
item screenBottom = -207item top=258
item height = 2
item screenTop=258
item screenBottom = -209item top=260
item height = 2
item screenTop=260
item screenBottom = -211item top=262
item height = 2
item screenTop=262
item screenBottom = -213item top=264
item height = 2
item screenTop=264
item screenBottom = -215item top=266
item height = 2
item screenTop=266
item screenBottom = -217item top=268
item height = 2
item screenTop=268
item screenBottom = -219item top=270
item height = 2
item screenTop=270
item screenBottom = -221item top=272
item height = 2
item screenTop=272
item screenBottom = -223item top=274
item height = 2
item screenTop=274
item screenBottom = -225item top=276
item height = 2
item screenTop=276
item screenBottom = -227item top=278
item height = 2
item screenTop=278
item screenBottom = -229item top=280
item height = 2
item screenTop=280
item screenBottom = -231item top=282
item height = 2
item screenTop=282
item screenBottom = -233item top=284
item height = 2
item screenTop=284
item screenBottom = -235item top=286
item height = 2
item screenTop=286
item screenBottom = -237item top=288
item height = 2
item screenTop=288
item screenBottom = -239item top=290
item height = 2
item screenTop=290
item screenBottom = -241item top=292
item height = 2
item screenTop=292
item screenBottom = -243item top=294
item height = 2
item screenTop=294
item screenBottom = -245item top=296
item height = 2
item screenTop=296
item screenBottom = -247item top=298
item height = 2
item screenTop=298
item screenBottom = -249item top=300
item height = 2
item screenTop=300
item screenBottom = -251item top=302
item height = 2
item screenTop=302
item screenBottom = -253item top=304
item height = 2
item screenTop=304
item screenBottom = -255item top=306
item height = 2
item screenTop=306
item screenBottom = -257item top=308
item height = 2
item screenTop=308
item screenBottom = -259item top=310
item height = 2
item screenTop=310
item screenBottom = -261item top=312
item height = 2
item screenTop=312
item screenBottom = -263item top=314
item height = 2
item screenTop=314
item screenBottom = -265item top=316
item height = 2
item screenTop=316
item screenBottom = -267item top=318
item height = 2
item screenTop=318
item screenBottom = -269item top=320
item height = 2
item screenTop=320
item screenBottom = -271item top=322
item height = 2
item screenTop=322
item screenBottom = -273item top=324
item height = 2
item screenTop=324
item screenBottom = -275item top=326
item height = 2
item screenTop=326
item screenBottom = -277item top=328
item height = 2
item screenTop=328
item screenBottom = -279item top=330
item height = 2
item screenTop=330
item screenBottom = -281item top=332
item height = 2
item screenTop=332
item screenBottom = -283item top=334
item height = 2
item screenTop=334
item screenBottom = -285item top=336
item height = 2
item screenTop=336
item screenBottom = -287item top=338
item height = 2
item screenTop=338
item screenBottom = -289item top=340
item height = 2
item screenTop=340
item screenBottom = -291item top=342
item height = 2
item screenTop=342
item screenBottom = -293item top=344
item height = 2
item screenTop=344
item screenBottom = -295item top=346
item height = 2
item screenTop=346
item screenBottom = -297item top=348
item height = 2
item screenTop=348
item screenBottom = -299item top=350
item height = 2
item screenTop=350
item screenBottom = -301